Microchip MPLAB XC8 Compiler V2.10 ()

Linker command line:

-W-3 --edf=C:\Program Files (x86)\Microchip\xc8\v2.10\pic\dat\en_msgs.txt \
  -cs -h+dist/default/production\pic16f1459-fooztimer2.X.production.sym \
  --cmf=dist/default/production\pic16f1459-fooztimer2.X.production.cmf -z \
  -Q16F1459 -oC:\Users\boriz\AppData\Local\Temp\sqes.2 \
  --defsym=__MPLAB_BUILD=1 \
  -Mdist/default/production/pic16f1459-fooztimer2.X.production.map -E1 \
  -ver=XC8 --acfsm=1493 -ASTACK=0220Ah-023EFh -pstack=STACK \
  -ACODE=00h-07FFhx4 -ASTRCODE=00h-01FFFh -ASTRING=00h-0FFhx32 \
  -ACONST=00h-0FFhx32 -AENTRY=00h-0FFhx32 -ACOMMON=070h-07Fh \
  -ABANK0=020h-06Fh -ABANK1=0A0h-0EFh -ABANK2=0120h-016Fh \
  -ABANK3=01A0h-01EFh -ABANK4=0220h-026Fh -ABANK5=02A0h-02EFh \
  -ABANK6=0320h-036Fh -ABANK7=03A0h-03EFh -ABANK8=0420h-046Fh \
  -ABANK9=04A0h-04EFh -ABANK10=0520h-056Fh -ABANK11=05A0h-05EFh \
  -ABANK12=0620h-064Fh -ABIGRAM=02000h-023EFh \
  -ARAM=020h-06Fh,0A0h-0EFh,0120h-016Fh,01A0h-01EFh,0220h-026Fh,02A0h-02EFh,0320h-036Fh,03A0h-03EFh,0420h-046Fh,04A0h-04EFh,0520h-056Fh,05A0h-05EFh,0620h-064Fh \
  -AABS1=020h-07Fh,0A0h-0EFh,0120h-016Fh,01A0h-01EFh,0220h-026Fh,02A0h-02EFh,0320h-036Fh,03A0h-03EFh,0420h-046Fh,04A0h-04EFh,0520h-056Fh,05A0h-05EFh,0620h-064Fh \
  -ASFR0=00h-01Fh -ASFR1=080h-09Fh -ASFR2=0100h-011Fh -ASFR3=0180h-019Fh \
  -ASFR4=0200h-021Fh -ASFR5=0280h-029Fh -ASFR6=0300h-031Fh \
  -ASFR7=0380h-039Fh -ASFR8=0400h-041Fh -ASFR9=0480h-049Fh \
  -ASFR10=0500h-051Fh -ASFR11=0580h-059Fh -ASFR12=0600h-061Fh \
  -ASFR13=0680h-06EFh -ASFR14=0700h-076Fh -ASFR15=0780h-07EFh \
  -ASFR16=0800h-086Fh -ASFR17=0880h-08EFh -ASFR18=0900h-096Fh \
  -ASFR19=0980h-09EFh -ASFR20=0A00h-0A6Fh -ASFR21=0A80h-0AEFh \
  -ASFR22=0B00h-0B6Fh -ASFR23=0B80h-0BEFh -ASFR24=0C00h-0C6Fh \
  -ASFR25=0C80h-0CEFh -ASFR26=0D00h-0D6Fh -ASFR27=0D80h-0DEFh \
  -ASFR28=0E00h-0E6Fh -ASFR29=0E80h-0EEFh -ASFR30=0F00h-0F6Fh \
  -ASFR31=0F80h-0FEFh -preset_vec=00h,intentry=04h,init,end_init \
  -ppowerup=CODE -pcinit=CODE -pfunctab=ENTRY -ACONFIG=08007h-08008h \
  -pconfig=CONFIG -DCONFIG=2 -AIDLOC=08000h-08003h -pidloc=IDLOC -DIDLOC=2 \
  -DCODE=2 -DSTRCODE=2 -DSTRING=2 -DCONST=2 -DENTRY=2 -k \
  C:\Users\boriz\AppData\Local\Temp\sqes.o \
  dist/default/production\pic16f1459-fooztimer2.X.production.o 

Object code version is 3.11

Machine type is 16F1459



                Name                               Link     Load   Length Selector   Space Scale
C:\Users\boriz\AppData\Local\Temp\sqes.o
                end_init                             32       32        2        8       0
                reset_vec                             0        0        2        0       0
                config                             8007     8007        2    1000E       0
dist/default/production\pic16f1459-fooztimer2.X.production.o
                cinit                                34       34       30        8       0
                intentry                              4        4       2E        8       0
                text32                              C32      C32        6     1864       0
                text31                              C5F      C5F        D     18BE       0
                text30                              C44      C44        8     1888       0
                text29                              CE8      CE8       1F     19D0       0
                text27                              C38      C38        6     1870       0
                text26                              C81      C81       16     1902       0
                text25                              C4C      C4C        8     1898       0
                text24                              C54      C54        B     18A8       0
                text23                              C2F      C2F        3     185E       0
                text22                              F01      F01       60     1E02       0
                text21                              DFD      DFD       54     1BFA       0
                text20                              D07      D07       25     1A0E       0
                text19                              7BF      7BF       34        8       0
                text18                              DB1      DB1       4C     1B62       0
                text17                              F61      F61       9F     1EC2       0
                text16                              C6C      C6C       15     18D8       0
                text15                              C97      C97       1A     192E       0
                text14                              7F3      7F3        D        8       0
                text13                                2        2        1        0       0
                text12                              4F4      4F4      104        8       0
                text11                              5F8      5F8       EC        8       0
                text10                              CCC      CCC       1C     1998       0
                text9                                 3        3        1        6       0
                text8                               E51      E51       57     1CA2       0
                text7                               D2C      D2C       29     1A58       0
                text6                               CB1      CB1       1B     1962       0
                text5                               EA8      EA8       59     1D50       0
                text4                               38B      38B      169        8       0
                text3                               6E4      6E4       DB        8       0
                text2                               D80      D80       31     1B00       0
                text1                               D55      D55       2B     1AAA       0
                maintext                             64       64      327        8       0
                cstackBANK0                          20       20       50       20       1
                cstackCOMMON                         70       70        6       70       1
                cstackBANK1                          A0       A0       47       A0       1
                cstackBANK2                         120      120       50      120       1
                cstackBANK3                         1A0      1A0       2A      1A0       1
                clrtext                             C3E      C3E        6     187C       0
                bssBANK6                            320      320       2A      320       1
                bssBANK5                            2A0      2A0       50      2A0       1
                bssBANK4                            220      220       48      220       1
                bssBANK3                            1CA      1CA       1A      1A0       1
                bssBANK1                             E7       E7        9       A0       1
                bssCOMMON                            76       76        4       70       1
                stringtext9                        1081     1081        5     2000       0
                stringtext8                        1076     1076        B     2000       0
                stringtext7                        106A     106A        C     2000       0
                stringtext6                        105E     105E        C     2000       0
                stringtext5                        1051     1051        D     2000       0
                stringtext4                        1040     1040       11     2000       0
                stringtext3                        102E     102E       12     2000       0
                stringtext2                        1019     1019       15     2000       0
                stringtext1                        1000     1000       19     2000       0

TOTAL           Name                               Link     Load   Length     Space
        CLASS   STACK          

        CLASS   CODE           
                end_init                             32       32        2         0
                cinit                                34       34       30         0
                intentry                              4        4       2E         0
                reset_vec                             0        0        2         0
                text32                              C32      C32        6         0
                text31                              C5F      C5F        D         0
                text30                              C44      C44        8         0
                text29                              CE8      CE8       1F         0
                text27                              C38      C38        6         0
                text26                              C81      C81       16         0
                text25                              C4C      C4C        8         0
                text24                              C54      C54        B         0
                text23                              C2F      C2F        3         0
                text22                              F01      F01       60         0
                text21                              DFD      DFD       54         0
                text20                              D07      D07       25         0
                text19                              7BF      7BF       34         0
                text18                              DB1      DB1       4C         0
                text17                              F61      F61       9F         0
                text16                              C6C      C6C       15         0
                text15                              C97      C97       1A         0
                text14                              7F3      7F3        D         0
                text13                                2        2        1         0
                text12                              4F4      4F4      104         0
                text11                              5F8      5F8       EC         0
                text10                              CCC      CCC       1C         0
                text9                                 3        3        1         0
                text8                               E51      E51       57         0
                text7                               D2C      D2C       29         0
                text6                               CB1      CB1       1B         0
                text5                               EA8      EA8       59         0
                text4                               38B      38B      169         0
                text3                               6E4      6E4       DB         0
                text2                               D80      D80       31         0
                text1                               D55      D55       2B         0
                maintext                             64       64      327         0
                clrtext                             C3E      C3E        6         0

        CLASS   STRCODE        
                stringtext9                        1081     1081        5         0
                stringtext8                        1076     1076        B         0
                stringtext7                        106A     106A        C         0
                stringtext6                        105E     105E        C         0
                stringtext5                        1051     1051        D         0
                stringtext4                        1040     1040       11         0
                stringtext3                        102E     102E       12         0
                stringtext2                        1019     1019       15         0
                stringtext1                        1000     1000       19         0

        CLASS   STRING         

        CLASS   CONST          

        CLASS   ENTRY          

        CLASS   COMMON         
                cstackCOMMON                         70       70        6         1
                bssCOMMON                            76       76        4         1

        CLASS   BANK0          
                cstackBANK0                          20       20       50         1

        CLASS   BANK1          
                cstackBANK1                          A0       A0       47         1
                bssBANK1                             E7       E7        9         1

        CLASS   BANK2          
                cstackBANK2                         120      120       50         1

        CLASS   BANK3          
                cstackBANK3                         1A0      1A0       2A         1
                bssBANK3                            1CA      1CA       1A         1

        CLASS   BANK4          
                bssBANK4                            220      220       48         1

        CLASS   BANK5          
                bssBANK5                            2A0      2A0       50         1

        CLASS   BANK6          
                bssBANK6                            320      320       2A         1

        CLASS   BANK7          

        CLASS   BANK8          

        CLASS   BANK9          

        CLASS   BANK10         

        CLASS   BANK11         

        CLASS   BANK12         

        CLASS   BIGRAM         

        CLASS   RAM            

        CLASS   ABS1           
                abs_s1                               7E       7E        2         1

        CLASS   SFR0           

        CLASS   SFR1           

        CLASS   SFR2           

        CLASS   SFR3           

        CLASS   SFR4           

        CLASS   SFR5           

        CLASS   SFR6           

        CLASS   SFR7           

        CLASS   SFR8           

        CLASS   SFR9           

        CLASS   SFR10          

        CLASS   SFR11          

        CLASS   SFR12          

        CLASS   SFR13          

        CLASS   SFR14          

        CLASS   SFR15          

        CLASS   SFR16          

        CLASS   SFR17          

        CLASS   SFR18          

        CLASS   SFR19          

        CLASS   SFR20          

        CLASS   SFR21          

        CLASS   SFR22          

        CLASS   SFR23          

        CLASS   SFR24          

        CLASS   SFR25          

        CLASS   SFR26          

        CLASS   SFR27          

        CLASS   SFR28          

        CLASS   SFR29          

        CLASS   SFR30          

        CLASS   SFR31          

        CLASS   CONFIG         
                config                             8007     8007        2         0

        CLASS   IDLOC          

        CLASS   BANK31         

        CLASS   BANK30         

        CLASS   BANK29         

        CLASS   BANK28         

        CLASS   BANK27         

        CLASS   BANK26         

        CLASS   BANK25         

        CLASS   BANK24         

        CLASS   BANK23         

        CLASS   BANK22         

        CLASS   BANK21         

        CLASS   BANK20         

        CLASS   BANK19         

        CLASS   BANK18         

        CLASS   BANK17         

        CLASS   BANK16         

        CLASS   BANK15         

        CLASS   BANK14         

        CLASS   BANK13         

        CLASS   EEDATA         



SEGMENTS        Name                           Load    Length   Top    Selector   Space  Class     Delta

                reset_vec                      000000  000003  000003         0       0  CODE        2
                text9                          000003  000001  000004         6       0  CODE        2
                intentry                       000004  0007FC  000800         8       0  CODE        2
                cstackBANK0                    000020  000050  000070        20       1  BANK0       1
                cstackCOMMON                   000070  00000A  00007A        70       1  COMMON      1
                cstackBANK1                    0000A0  000050  0000F0        A0       1  BANK1       1
                cstackBANK2                    000120  000050  000170       120       1  BANK2       1
                cstackBANK3                    0001A0  000044  0001E4       1A0       1  BANK3       1
                bssBANK4                       000220  000048  000268       220       1  BANK4       1
                bssBANK5                       0002A0  000050  0002F0       2A0       1  BANK5       1
                bssBANK6                       000320  00002A  00034A       320       1  BANK6       1
                text23                         000C2F  000003  000C32      185E       0  CODE        2
                text32                         000C32  000006  000C38      1864       0  CODE        2
                text27                         000C38  000006  000C3E      1870       0  CODE        2
                clrtext                        000C3E  000006  000C44      187C       0  CODE        2
                text30                         000C44  000008  000C4C      1888       0  CODE        2
                text25                         000C4C  000008  000C54      1898       0  CODE        2
                text24                         000C54  00000B  000C5F      18A8       0  CODE        2
                text31                         000C5F  00000D  000C6C      18BE       0  CODE        2
                text16                         000C6C  000015  000C81      18D8       0  CODE        2
                text26                         000C81  000016  000C97      1902       0  CODE        2
                text15                         000C97  00001A  000CB1      192E       0  CODE        2
                text6                          000CB1  00001B  000CCC      1962       0  CODE        2
                text10                         000CCC  00001C  000CE8      1998       0  CODE        2
                text29                         000CE8  00001F  000D07      19D0       0  CODE        2
                text20                         000D07  000025  000D2C      1A0E       0  CODE        2
                text7                          000D2C  000029  000D55      1A58       0  CODE        2
                text1                          000D55  00002B  000D80      1AAA       0  CODE        2
                text2                          000D80  000031  000DB1      1B00       0  CODE        2
                text18                         000DB1  00004C  000DFD      1B62       0  CODE        2
                text21                         000DFD  000054  000E51      1BFA       0  CODE        2
                text8                          000E51  000057  000EA8      1CA2       0  CODE        2
                text5                          000EA8  000059  000F01      1D50       0  CODE        2
                text22                         000F01  000060  000F61      1E02       0  CODE        2
                text17                         000F61  00009F  001000      1EC2       0  CODE        2
                stringtext1                    001000  000086  001086      2000       0  STRCODE     2
                config                         008007  000002  008009     1000E       0  CONFIG      2


UNUSED ADDRESS RANGES

        Name                Unused          Largest block    Delta
        BANK10           00520-0056F              50           1
        BANK11           005A0-005EF              50           1
        BANK12           00620-0064F              30           1
        BANK3            001E4-001EF               C           1
        BANK4            00268-0026F               8           1
        BANK6            0034A-0036F              26           1
        BANK7            003A0-003EF              50           1
        BANK8            00420-0046F              50           1
        BANK9            004A0-004EF              50           1
        BIGRAM           02000-023EF             3F0           1
        CODE             00800-00C2E             42F           2
                         01086-01FFF             77A
        COMMON           0007A-0007D               4           1
        CONST            00800-00C2E             100           2
                         01086-01FFF             100
        ENTRY            00800-00C2E             100           2
                         01086-01FFF             100
        IDLOC            08000-08003               4           2
        RAM              001E4-001EF               C           1
                         00268-0026F               8
                         0034A-0036F              26
                         003A0-003EF              50
                         00420-0046F              50
                         004A0-004EF              50
                         00520-0056F              50
                         005A0-005EF              50
                         00620-0064F              30
        SFR0             00000-0001F              20           1
        SFR1             00080-0009F              20           1
        SFR10            00500-0051F              20           1
        SFR11            00580-0059F              20           1
        SFR12            00600-0061F              20           1
        SFR13            00680-006EF              70           1
        SFR14            00700-0076F              70           1
        SFR15            00780-007EF              70           1
        SFR16            00800-0086F              70           1
        SFR17            00880-008EF              70           1
        SFR18            00900-0096F              70           1
        SFR19            00980-009EF              70           1
        SFR2             00100-0011F              20           1
        SFR20            00A00-00A6F              70           1
        SFR21            00A80-00AEF              70           1
        SFR22            00B00-00B6F              70           1
        SFR23            00B80-00BEF              70           1
        SFR24            00C00-00C6F              70           1
        SFR25            00C80-00CEF              70           1
        SFR26            00D00-00D6F              70           1
        SFR27            00D80-00DEF              70           1
        SFR28            00E00-00E6F              70           1
        SFR29            00E80-00EEF              70           1
        SFR3             00180-0019F              20           1
        SFR30            00F00-00F6F              70           1
        SFR31            00F80-00FEF              70           1
        SFR4             00200-0021F              20           1
        SFR5             00280-0029F              20           1
        SFR6             00300-0031F              20           1
        SFR7             00380-0039F              20           1
        SFR8             00400-0041F              20           1
        SFR9             00480-0049F              20           1
        STACK            0220A-023EF             1E6           1
        STRCODE          00800-00C2E             42F           2
                         01086-01FFF             F7A
        STRING           00800-00C2E             100           2
                         01086-01FFF             100

                                  Symbol Table

?___aodiv                                 cstackBANK0  00020
?___aomod                                 cstackBANK0  00020
?___awdiv                                 cstackBANK0  00020
?___awmod                                 cstackBANK0  00042
?___omul                                  cstackBANK0  00020
?_abs                                     cstackBANK0  00032
?_dtoa                                    cstackBANK0  0003A
?_pad                                     cstackBANK0  0002F
?_rand                                    cstackBANK0  00038
?_sprintf                                 cstackBANK1  000A0
?_strlen                                  cstackCOMMON 00074
?_vfpfcnvrt                               cstackBANK0  00058
?_vfprintf                                cstackBANK0  00068
TMR1_SetInterruptHandler@InterruptHandler cstackCOMMON 00074
TMR1_WriteTimer@timerVal                  cstackCOMMON 00074
_ADCON0bits                               (abs)        0009D
_ADCON1bits                               (abs)        0009E
_ADRESH                                   (abs)        0009C
_ADRESL                                   (abs)        0009B
_ANSELAbits                               (abs)        0018C
_ANSELBbits                               (abs)        0018D
_ANSELCbits                               (abs)        0018E
_BRG16                                    (abs)        00CFB
_BRGH                                     (abs)        00CF2
_BTN_PRESSED                              bssBANK1     000EF
_CountCallBack                            bssBANK3     001D0
_FVRCONbits                               (abs)        00117
_GAME_STOPPED                             bssBANK1     000E9
_HORN_END_STOPPED                         bssBANK1     000E7
_INTCONbits                               (abs)        0000B
_INTRO_FINISHED                           bssBANK3     001D8
_INTRO_PLAYED                             bssBANK1     000EB
_IOCAF                                    (abs)        00393
_IOCAFbits                                (abs)        00393
_IOCAPbits                                (abs)        00391
_LATBbits                                 (abs)        0010D
_OSCCONbits                               (abs)        00099
_PIE1bits                                 (abs)        00091
_PIR1bits                                 (abs)        00011
_PORTAbits                                (abs)        0000C
_PORTBbits                                (abs)        0000D
_PORTCbits                                (abs)        0000E
_RCSTAbits                                (abs)        0019D
_SPBRG                                    (abs)        0019B
_T1CON                                    (abs)        00018
_T1CONbits                                (abs)        00018
_T1GCON                                   (abs)        00019
_TIME_INTRO_ELAPSED                       bssBANK1     000ED
_TMR1H                                    (abs)        00017
_TMR1L                                    (abs)        00016
_TMR1_CallBack                            text31       00C5F
_TMR1_DefaultInterruptHandler             text32       00C32
_TMR1_INTERRUPT_TICKER_FACTOR             bssBANK3     001D4
_TMR1_ISR                                 text29       00CE8
_TMR1_Initialize                          text26       00C81
_TMR1_InterruptHandler                    bssBANK3     001DA
_TMR1_Reload                              text24       00C54
_TMR1_SetInterruptHandler                 text27       00C38
_TMR1_StopTimer                           text23       00C2F
_TMR1_WriteTimer                          text25       00C4C
_TRISAbits                                (abs)        0008C
_TRISBbits                                (abs)        0008D
_TRISCbits                                (abs)        0008E
_TXIF                                     (abs)        0008C
_TXREG                                    (abs)        0019A
_TXSTAbits                                (abs)        0019E
__CFG_BOREN$ON                            (abs)        00000
__CFG_BORV$HI                             (abs)        00000
__CFG_CLKOUTEN$OFF                        (abs)        00000
__CFG_CP$OFF                              (abs)        00000
__CFG_CPUDIV$CLKDIV3                      (abs)        00000
__CFG_FCMEN$OFF                           (abs)        00000
__CFG_FOSC$INTOSC                         (abs)        00000
__CFG_IESO$OFF                            (abs)        00000
__CFG_LPBOR$OFF                           (abs)        00000
__CFG_LVP$OFF                             (abs)        00000
__CFG_MCLRE$OFF                           (abs)        00000
__CFG_PLLEN$ENABLED                       (abs)        00000
__CFG_PLLMULT$3x                          (abs)        00000
__CFG_PWRTE$ON                            (abs)        00000
__CFG_STVREN$OFF                          (abs)        00000
__CFG_USBLSCLK$48MHz                      (abs)        00000
__CFG_WDTE$OFF                            (abs)        00000
__CFG_WRT$OFF                             (abs)        00000
__Habs1                                   abs1         00000
__Hbank0                                  bank0        00000
__Hbank1                                  bank1        00000
__Hbank10                                 bank10       00000
__Hbank11                                 bank11       00000
__Hbank12                                 bank12       00000
__Hbank13                                 bank13       00000
__Hbank14                                 bank14       00000
__Hbank15                                 bank15       00000
__Hbank16                                 bank16       00000
__Hbank17                                 bank17       00000
__Hbank18                                 bank18       00000
__Hbank19                                 bank19       00000
__Hbank2                                  bank2        00000
__Hbank20                                 bank20       00000
__Hbank21                                 bank21       00000
__Hbank22                                 bank22       00000
__Hbank23                                 bank23       00000
__Hbank24                                 bank24       00000
__Hbank25                                 bank25       00000
__Hbank26                                 bank26       00000
__Hbank27                                 bank27       00000
__Hbank28                                 bank28       00000
__Hbank29                                 bank29       00000
__Hbank3                                  bank3        00000
__Hbank30                                 bank30       00000
__Hbank31                                 bank31       00000
__Hbank4                                  bank4        00000
__Hbank5                                  bank5        00000
__Hbank6                                  bank6        00000
__Hbank7                                  bank7        00000
__Hbank8                                  bank8        00000
__Hbank9                                  bank9        00000
__Hbigram                                 bigram       00000
__HbssBANK1                               bssBANK1     00000
__HbssBANK3                               bssBANK3     00000
__HbssBANK4                               bssBANK4     00000
__HbssBANK5                               bssBANK5     00000
__HbssBANK6                               bssBANK6     00000
__HbssCOMMON                              bssCOMMON    00000
__Hcinit                                  cinit        00064
__Hclrtext                                clrtext      00000
__Hcode                                   code         00000
__Hcommon                                 common       00000
__Hconfig                                 config       08009
__HcstackBANK0                            cstackBANK0  00000
__HcstackBANK1                            cstackBANK1  00000
__HcstackBANK2                            cstackBANK2  00000
__HcstackBANK3                            cstackBANK3  00000
__HcstackCOMMON                           cstackCOMMON 00000
__Heeprom_data                            eeprom_data  00000
__Hend_init                               end_init     00034
__Hfunctab                                functab      00000
__Hidloc                                  idloc        00000
__Hinit                                   init         00032
__Hintentry                               intentry     00032
__Hmaintext                               maintext     00000
__Hpowerup                                powerup      00000
__Hram                                    ram          00000
__Hreset_vec                              reset_vec    00002
__Hsfr0                                   sfr0         00000
__Hsfr1                                   sfr1         00000
__Hsfr10                                  sfr10        00000
__Hsfr11                                  sfr11        00000
__Hsfr12                                  sfr12        00000
__Hsfr13                                  sfr13        00000
__Hsfr14                                  sfr14        00000
__Hsfr15                                  sfr15        00000
__Hsfr16                                  sfr16        00000
__Hsfr17                                  sfr17        00000
__Hsfr18                                  sfr18        00000
__Hsfr19                                  sfr19        00000
__Hsfr2                                   sfr2         00000
__Hsfr20                                  sfr20        00000
__Hsfr21                                  sfr21        00000
__Hsfr22                                  sfr22        00000
__Hsfr23                                  sfr23        00000
__Hsfr24                                  sfr24        00000
__Hsfr25                                  sfr25        00000
__Hsfr26                                  sfr26        00000
__Hsfr27                                  sfr27        00000
__Hsfr28                                  sfr28        00000
__Hsfr29                                  sfr29        00000
__Hsfr3                                   sfr3         00000
__Hsfr30                                  sfr30        00000
__Hsfr31                                  sfr31        00000
__Hsfr4                                   sfr4         00000
__Hsfr5                                   sfr5         00000
__Hsfr6                                   sfr6         00000
__Hsfr7                                   sfr7         00000
__Hsfr8                                   sfr8         00000
__Hsfr9                                   sfr9         00000
__Hspace_0                                (abs)        08009
__Hspace_1                                (abs)        0034A
__Hspace_2                                (abs)        00000
__Hspace_3                                (abs)        00000
__Hstack                                  stack        00000
__Hstrings                                strings      00000
__Hstringtext1                            stringtext1  00000
__Hstringtext10                           stringtext10 00000
__Hstringtext2                            stringtext2  00000
__Hstringtext3                            stringtext3  00000
__Hstringtext4                            stringtext4  00000
__Hstringtext5                            stringtext5  00000
__Hstringtext6                            stringtext6  00000
__Hstringtext7                            stringtext7  00000
__Hstringtext8                            stringtext8  00000
__Hstringtext9                            stringtext9  00000
__Htext                                   text         00000
__Labs1                                   abs1         00000
__Lbank0                                  bank0        00000
__Lbank1                                  bank1        00000
__Lbank10                                 bank10       00000
__Lbank11                                 bank11       00000
__Lbank12                                 bank12       00000
__Lbank13                                 bank13       00000
__Lbank14                                 bank14       00000
__Lbank15                                 bank15       00000
__Lbank16                                 bank16       00000
__Lbank17                                 bank17       00000
__Lbank18                                 bank18       00000
__Lbank19                                 bank19       00000
__Lbank2                                  bank2        00000
__Lbank20                                 bank20       00000
__Lbank21                                 bank21       00000
__Lbank22                                 bank22       00000
__Lbank23                                 bank23       00000
__Lbank24                                 bank24       00000
__Lbank25                                 bank25       00000
__Lbank26                                 bank26       00000
__Lbank27                                 bank27       00000
__Lbank28                                 bank28       00000
__Lbank29                                 bank29       00000
__Lbank3                                  bank3        00000
__Lbank30                                 bank30       00000
__Lbank31                                 bank31       00000
__Lbank4                                  bank4        00000
__Lbank5                                  bank5        00000
__Lbank6                                  bank6        00000
__Lbank7                                  bank7        00000
__Lbank8                                  bank8        00000
__Lbank9                                  bank9        00000
__Lbigram                                 bigram       00000
__LbssBANK1                               bssBANK1     00000
__LbssBANK3                               bssBANK3     00000
__LbssBANK4                               bssBANK4     00000
__LbssBANK5                               bssBANK5     00000
__LbssBANK6                               bssBANK6     00000
__LbssCOMMON                              bssCOMMON    00000
__Lcinit                                  cinit        00034
__Lclrtext                                clrtext      00000
__Lcode                                   code         00000
__Lcommon                                 common       00000
__Lconfig                                 config       08007
__LcstackBANK0                            cstackBANK0  00000
__LcstackBANK1                            cstackBANK1  00000
__LcstackBANK2                            cstackBANK2  00000
__LcstackBANK3                            cstackBANK3  00000
__LcstackCOMMON                           cstackCOMMON 00000
__Leeprom_data                            eeprom_data  00000
__Lend_init                               end_init     00032
__Lfunctab                                functab      00000
__Lidloc                                  idloc        00000
__Linit                                   init         00032
__Lintentry                               intentry     00004
__Lmaintext                               maintext     00000
__Lpowerup                                powerup      00000
__Lram                                    ram          00000
__Lreset_vec                              reset_vec    00000
__Lsfr0                                   sfr0         00000
__Lsfr1                                   sfr1         00000
__Lsfr10                                  sfr10        00000
__Lsfr11                                  sfr11        00000
__Lsfr12                                  sfr12        00000
__Lsfr13                                  sfr13        00000
__Lsfr14                                  sfr14        00000
__Lsfr15                                  sfr15        00000
__Lsfr16                                  sfr16        00000
__Lsfr17                                  sfr17        00000
__Lsfr18                                  sfr18        00000
__Lsfr19                                  sfr19        00000
__Lsfr2                                   sfr2         00000
__Lsfr20                                  sfr20        00000
__Lsfr21                                  sfr21        00000
__Lsfr22                                  sfr22        00000
__Lsfr23                                  sfr23        00000
__Lsfr24                                  sfr24        00000
__Lsfr25                                  sfr25        00000
__Lsfr26                                  sfr26        00000
__Lsfr27                                  sfr27        00000
__Lsfr28                                  sfr28        00000
__Lsfr29                                  sfr29        00000
__Lsfr3                                   sfr3         00000
__Lsfr30                                  sfr30        00000
__Lsfr31                                  sfr31        00000
__Lsfr4                                   sfr4         00000
__Lsfr5                                   sfr5         00000
__Lsfr6                                   sfr6         00000
__Lsfr7                                   sfr7         00000
__Lsfr8                                   sfr8         00000
__Lsfr9                                   sfr9         00000
__Lspace_0                                (abs)        00000
__Lspace_1                                (abs)        00000
__Lspace_2                                (abs)        00000
__Lspace_3                                (abs)        00000
__Lstack                                  stack        00000
__Lstrings                                strings      00000
__Lstringtext1                            stringtext1  00000
__Lstringtext10                           stringtext10 00000
__Lstringtext2                            stringtext2  00000
__Lstringtext3                            stringtext3  00000
__Lstringtext4                            stringtext4  00000
__Lstringtext5                            stringtext5  00000
__Lstringtext6                            stringtext6  00000
__Lstringtext7                            stringtext7  00000
__Lstringtext8                            stringtext8  00000
__Lstringtext9                            stringtext9  00000
__Ltext                                   text         00000
__S0                                      (abs)        08009
__S1                                      (abs)        0034A
__S2                                      (abs)        00000
___aodiv                                  text12       004F4
___aodiv@counter                          cstackBANK0  00030
___aodiv@dividend                         cstackBANK0  00028
___aodiv@divisor                          cstackBANK0  00020
___aodiv@quotient                         cstackBANK0  00032
___aodiv@sign                             cstackBANK0  00031
___aomod                                  text11       005F8
___aomod@counter                          cstackBANK0  00030
___aomod@dividend                         cstackBANK0  00028
___aomod@divisor                          cstackBANK0  00020
___aomod@sign                             cstackBANK0  00031
___awdiv                                  text22       00F01
___awdiv@counter                          cstackBANK0  00024
___awdiv@dividend                         cstackBANK0  00022
___awdiv@divisor                          cstackBANK0  00020
___awdiv@quotient                         cstackBANK0  00026
___awdiv@sign                             cstackBANK0  00025
___awmod                                  text21       00DFD
___awmod@counter                          cstackBANK0  00046
___awmod@dividend                         cstackBANK0  00044
___awmod@divisor                          cstackBANK0  00042
___awmod@sign                             cstackBANK0  00047
___int_sp                                 stack        00000
___latbits                                (abs)        00002
___omul                                   text18       00DB1
___omul@multiplicand                      cstackBANK0  00028
___omul@multiplier                        cstackBANK0  00020
___omul@product                           cstackBANK0  00030
___sp                                     stack        00000
___stackhi                                (abs)        023EF
___stacklo                                (abs)        0220A
__end_of_TMR1_CallBack                    text31       00C6C
__end_of_TMR1_DefaultInterruptHandler     text32       00C38
__end_of_TMR1_ISR                         text29       00D07
__end_of_TMR1_Initialize                  text26       00C97
__end_of_TMR1_Reload                      text24       00C5F
__end_of_TMR1_SetInterruptHandler         text27       00C3E
__end_of_TMR1_StopTimer                   text23       00C32
__end_of_TMR1_WriteTimer                  text25       00C54
__end_of___aodiv                          text12       005F8
__end_of___aomod                          text11       006E4
__end_of___awdiv                          text22       00F61
__end_of___awmod                          text21       00E51
__end_of___omul                           text18       00DFD
__end_of__initialization                  cinit        00060
__end_of_abs                              text10       00CE8
__end_of_delay100ms                       text20       00D2C
__end_of_dtoa                             text4        004F4
__end_of_fputc                            text8        00EA8
__end_of_fputs                            text7        00D55
__end_of_general_int                      intentry     00032
__end_of_initialize                       text19       007F3
__end_of_main                             maintext     0038B
__end_of_pad                              text5        00F01
__end_of_putch                            text9        00004
__end_of_rand                             text17       01000
__end_of_seedRand                         text14       00800
__end_of_sendOnly                         text13       00003
__end_of_sprintf                          text1        00D80
__end_of_srand                            text16       00C81
__end_of_strlen                           text6        00CCC
__end_of_time                             text15       00CB1
__end_of_vfpfcnvrt                        text3        007BF
__end_of_vfprintf                         text2        00DB1
__end_ofi1_TMR1_WriteTimer                text30       00C4C
__initialization                          cinit        00034
__pbssBANK1                               bssBANK1     000E7
__pbssBANK3                               bssBANK3     001CA
__pbssBANK4                               bssBANK4     00220
__pbssBANK5                               bssBANK5     002A0
__pbssBANK6                               bssBANK6     00320
__pbssCOMMON                              bssCOMMON    00076
__pcstackBANK0                            cstackBANK0  00020
__pcstackBANK1                            cstackBANK1  000A0
__pcstackBANK2                            cstackBANK2  00120
__pcstackBANK3                            cstackBANK3  001A0
__pcstackCOMMON                           cstackCOMMON 00070
__pintentry                               intentry     00004
__pmaintext                               maintext     00064
__pstringtext1                            stringtext1  01000
__pstringtext10                           stringtext10 00000
__pstringtext2                            stringtext2  01019
__pstringtext3                            stringtext3  0102E
__pstringtext4                            stringtext4  01040
__pstringtext5                            stringtext5  01051
__pstringtext6                            stringtext6  0105E
__pstringtext7                            stringtext7  0106A
__pstringtext8                            stringtext8  01076
__pstringtext9                            stringtext9  01081
__ptext1                                  text1        00D55
__ptext10                                 text10       00CCC
__ptext11                                 text11       005F8
__ptext12                                 text12       004F4
__ptext13                                 text13       00002
__ptext14                                 text14       007F3
__ptext15                                 text15       00C97
__ptext16                                 text16       00C6C
__ptext17                                 text17       00F61
__ptext18                                 text18       00DB1
__ptext19                                 text19       007BF
__ptext2                                  text2        00D80
__ptext20                                 text20       00D07
__ptext21                                 text21       00DFD
__ptext22                                 text22       00F01
__ptext23                                 text23       00C2F
__ptext24                                 text24       00C54
__ptext25                                 text25       00C4C
__ptext26                                 text26       00C81
__ptext27                                 text27       00C38
__ptext29                                 text29       00CE8
__ptext3                                  text3        006E4
__ptext30                                 text30       00C44
__ptext31                                 text31       00C5F
__ptext32                                 text32       00C32
__ptext4                                  text4        0038B
__ptext5                                  text5        00EA8
__ptext6                                  text6        00CB1
__ptext7                                  text7        00D2C
__ptext8                                  text8        00E51
__ptext9                                  text9        00003
__size_of_TMR1_CallBack                   (abs)        00000
__size_of_TMR1_DefaultInterruptHandler    (abs)        00000
__size_of_TMR1_ISR                        (abs)        00000
__size_of_TMR1_Initialize                 (abs)        00000
__size_of_TMR1_Reload                     (abs)        00000
__size_of_TMR1_SetInterruptHandler        (abs)        00000
__size_of_TMR1_StopTimer                  (abs)        00000
__size_of_TMR1_WriteTimer                 (abs)        00000
__size_of___aodiv                         (abs)        00000
__size_of___aomod                         (abs)        00000
__size_of___awdiv                         (abs)        00000
__size_of___awmod                         (abs)        00000
__size_of___omul                          (abs)        00000
__size_of_abs                             (abs)        00000
__size_of_delay100ms                      (abs)        00000
__size_of_dtoa                            (abs)        00000
__size_of_fputc                           (abs)        00000
__size_of_fputs                           (abs)        00000
__size_of_general_int                     (abs)        00000
__size_of_initialize                      (abs)        00000
__size_of_main                            (abs)        00000
__size_of_pad                             (abs)        00000
__size_of_putch                           (abs)        00000
__size_of_rand                            (abs)        00000
__size_of_seedRand                        (abs)        00000
__size_of_sendOnly                        (abs)        00000
__size_of_sprintf                         (abs)        00000
__size_of_srand                           (abs)        00000
__size_of_strlen                          (abs)        00000
__size_of_time                            (abs)        00000
__size_of_vfpfcnvrt                       (abs)        00000
__size_of_vfprintf                        (abs)        00000
__size_ofi1_TMR1_WriteTimer               (abs)        00000
_abs                                      text10       00CCC
_analog_reading                           bssBANK3     001D6
_dbuf                                     bssBANK4     00248
_delay100ms                               text20       00D07
_dtoa                                     text4        0038B
_dtoa$861                                 cstackBANK0  00046
_flags                                    bssCOMMON    00076
_fputc                                    text8        00E51
_fputs                                    text7        00D2C
_general_int                              intentry     00004
_initialize                               text19       007BF
_main                                     maintext     00064
_nout                                     bssBANK3     001CA
_pad                                      text5        00EA8
_prec                                     bssBANK3     001CE
_putch                                    text9        00003
_rand                                     text17       00F61
_seed                                     bssBANK3     001DC
_seedRand                                 text14       007F3
_sendOnly                                 text13       00002
_sprintf                                  text1        00D55
_srand                                    text16       00C6C
_strlen                                   text6        00CB1
_time                                     text15       00C97
_timer1ReloadVal                          bssCOMMON    00078
_vfpfcnvrt                                text3        006E4
_vfprintf                                 text2        00D80
_width                                    bssBANK3     001CC
abs@a                                     cstackBANK0  00032
btemp                                     (abs)        0007E
clear_ram0                                clrtext      00C3E
delay100ms@i                              cstackBANK0  00022
delay100ms@n                              cstackCOMMON 00074
dtoa@d                                    cstackBANK0  0003A
dtoa@fp                                   cstackBANK0  00045
dtoa@i                                    cstackBANK0  00056
dtoa@n                                    cstackBANK0  0004E
dtoa@p                                    cstackBANK0  00048
dtoa@s                                    cstackBANK0  0004C
dtoa@w                                    cstackBANK0  0004A
end_of_initialization                     cinit        00060
fputc@c                                   cstackBANK0  00020
fputc@fp                                  cstackBANK0  00022
fputs@c                                   cstackBANK0  0002B
fputs@fp                                  cstackCOMMON 00074
fputs@i                                   cstackBANK0  0002C
fputs@s                                   cstackBANK0  0002E
i1TMR1_WriteTimer@timerVal                cstackCOMMON 00070
i1_TMR1_WriteTimer                        text30       00C44
int$flags                                 (abs)        0007E
intlevel0                                 functab      00000
intlevel1                                 functab      00000
intlevel2                                 functab      00000
intlevel3                                 functab      00000
intlevel4                                 functab      00000
intlevel5                                 functab      00000
main@new_analog_reading                   cstackBANK3  001C8
main@randNr                               cstackBANK1  000E5
main@readbuffer                           cstackBANK1  000CF
main@readbuffer_758                       cstackBANK2  00120
main@readbuffer_766                       cstackBANK1  000B9
main@readbuffer_769                       cstackBANK2  00134
main@readbuffer_773                       cstackBANK2  00148
main@readbuffer_778                       cstackBANK2  0015C
main@readbuffer_781                       cstackBANK3  001A0
main@readbuffer_784                       cstackBANK3  001B4
main@seconds                              cstackBANK1  000E3
pad@buf                                   cstackBANK0  0002F
pad@fp                                    cstackBANK0  00037
pad@i                                     cstackBANK0  00033
pad@p                                     cstackBANK0  00030
pad@w                                     cstackBANK0  00035
reset_vec                                 reset_vec    00000
seedRand@toc                              cstackBANK0  00022
sendOnly@buffer                           cstackBANK0  00022
sendOnly@size                             cstackBANK0  00024
sprintf@ap                                cstackBANK1  000AB
sprintf@f                                 cstackBANK1  000AC
sprintf@fmt                               cstackBANK1  000A2
sprintf@s                                 cstackBANK1  000A0
srand@s                                   cstackCOMMON 00074
start                                     init         00032
start_initialization                      cinit        00034
strlen@a                                  cstackBANK0  00020
strlen@s                                  cstackCOMMON 00074
time@t                                    cstackCOMMON 00074
vfpfcnvrt@ap                              cstackBANK0  00059
vfpfcnvrt@fmt                             cstackBANK0  00058
vfpfcnvrt@fp                              cstackBANK0  00067
vfpfcnvrt@ll                              cstackBANK0  0005F
vfprintf@ap                               cstackBANK0  0006A
vfprintf@cfmt                             cstackBANK0  0006E
vfprintf@fmt                              cstackBANK0  00068
vfprintf@fp                               cstackBANK0  0006D
wtemp0                                    (abs)        0007E


FUNCTION INFORMATION:

 *************** function _main *****************
 Defined at:
		line 320 in file "newmain.c"
 Parameters:    Size  Location     Type
  argc            2   18[BANK1 ] int 
  argv            2   20[BANK1 ] PTR PTR unsigned char 
 Auto vars:     Size  Location     Type
  readbuffer     20   20[BANK2 ] unsigned char [20]
  readbuffer     22   25[BANK1 ] unsigned char [22]
  readbuffer     20   20[BANK3 ] unsigned char [20]
  readbuffer     20    0[BANK3 ] unsigned char [20]
  readbuffer     20   60[BANK2 ] unsigned char [20]
  randNr          2   69[BANK1 ] int 
  seconds         2   67[BANK1 ] int 
  readbuffer     20   40[BANK2 ] unsigned char [20]
  readbuffer     20    0[BANK2 ] unsigned char [20]
  readbuffer     20   47[BANK1 ] unsigned char [20]
  new_analog_r    2   40[BANK3 ] int 
 Return value:  Size  Location     Type
                  1    wreg      void 
 Registers used:
		wreg, fsr0l, fsr0h, fsr1l, fsr1h, status,2, status,0, pclath, cstack
 Tracked objects:
		On entry : 
		On exit  : 
		Unchanged: 
 Data sizes:     COMMON   BANK0   BANK1   BANK2   BANK3   BANK4   BANK5   BANK6   BANK7   BANK8   BANK9  BANK10  BANK11  BANK12
      Params:         0       0       4       0       0       0       0       0       0       0       0       0       0       0
      Locals:         0       0      46      80      42       0       0       0       0       0       0       0       0       0
      Temps:          0       0       3       0       0       0       0       0       0       0       0       0       0       0
      Totals:         0       0      53      80      42       0       0       0       0       0       0       0       0       0
Total ram usage:      175 bytes
 Hardware stack levels required when called:   12
 This function calls:
		_TMR1_Initialize
		_TMR1_Reload
		_TMR1_StopTimer
		___awdiv
		___awmod
		_delay100ms
		_initialize
		_rand
		_seedRand
		_sendOnly
		_sprintf
		_strlen
 This function is called by:
		Startup code after reset
 This function uses a non-reentrant model


 *************** function _sprintf *****************
 Defined at:
		line 9 in file "C:\Program Files (x86)\Microchip\xc8\v2.10\pic\sources\c99\common\nf_sprintf.c"
 Parameters:    Size  Location     Type
  s               2    0[BANK1 ] PTR unsigned char 
		 -> main@readbuffer_784(20), main@readbuffer_781(20), main@readbuffer_778(20), main@readbuffer_773(20), 
		 -> main@readbuffer_769(20), main@readbuffer_766(22), main@readbuffer_758(20), main@readbuffer(20), 
  fmt             2    2[BANK1 ] PTR const unsigned char 
		 -> STR_9(12), STR_8(12), STR_7(17), STR_6(13), 
		 -> STR_5(18), STR_4(11), STR_3(21), STR_2(5), 
 Auto vars:     Size  Location     Type
  f               6   12[BANK1 ] struct _IO_FILE
  ret             2    0        int 
  ap              1   11[BANK1 ] PTR void [1]
		 -> ?_sprintf(2), 
 Return value:  Size  Location     Type
                  2    0[BANK1 ] int 
 Registers used:
		wreg, fsr0l, fsr0h, fsr1l, fsr1h, status,2, status,0, pclath, cstack
 Tracked objects:
		On entry : 
		On exit  : 
		Unchanged: 
 Data sizes:     COMMON   BANK0   BANK1   BANK2   BANK3   BANK4   BANK5   BANK6   BANK7   BANK8   BANK9  BANK10  BANK11  BANK12
      Params:         0       0       8       0       0       0       0       0       0       0       0       0       0       0
      Locals:         0       0       9       0       0       0       0       0       0       0       0       0       0       0
      Temps:          0       0       1       0       0       0       0       0       0       0       0       0       0       0
      Totals:         0       0      18       0       0       0       0       0       0       0       0       0       0       0
Total ram usage:       18 bytes
 Hardware stack levels used:    1
 Hardware stack levels required when called:   11
 This function calls:
		_vfprintf
 This function is called by:
		_main
 This function uses a non-reentrant model


 *************** function _vfprintf *****************
 Defined at:
		line 1368 in file "C:\Program Files (x86)\Microchip\xc8\v2.10\pic\sources\c99\common\doprnt.c"
 Parameters:    Size  Location     Type
  fp              1    wreg     PTR struct _IO_FILE
		 -> sprintf@f(6), 
  fmt             2   72[BANK0 ] PTR const unsigned char 
		 -> STR_9(12), STR_8(12), STR_7(17), STR_6(13), 
		 -> STR_5(18), STR_4(11), STR_3(21), STR_2(5), 
  ap              1   74[BANK0 ] PTR PTR void 
		 -> sprintf@ap(1), 
 Auto vars:     Size  Location     Type
  fp              1   77[BANK0 ] PTR struct _IO_FILE
		 -> sprintf@f(6), 
  cfmt            2   78[BANK0 ] PTR unsigned char 
		 -> STR_9(12), STR_8(12), STR_7(17), STR_6(13), 
		 -> STR_5(18), STR_4(11), STR_3(21), STR_2(5), 
 Return value:  Size  Location     Type
                  2   72[BANK0 ] int 
 Registers used:
		wreg, fsr0l, fsr0h, fsr1l, fsr1h, status,2, status,0, pclath, cstack
 Tracked objects:
		On entry : 
		On exit  : 
		Unchanged: 
 Data sizes:     COMMON   BANK0   BANK1   BANK2   BANK3   BANK4   BANK5   BANK6   BANK7   BANK8   BANK9  BANK10  BANK11  BANK12
      Params:         0       3       0       0       0       0       0       0       0       0       0       0       0       0
      Locals:         0       3       0       0       0       0       0       0       0       0       0       0       0       0
      Temps:          0       2       0       0       0       0       0       0       0       0       0       0       0       0
      Totals:         0       8       0       0       0       0       0       0       0       0       0       0       0       0
Total ram usage:        8 bytes
 Hardware stack levels used:    1
 Hardware stack levels required when called:   10
 This function calls:
		_vfpfcnvrt
 This function is called by:
		_sprintf
 This function uses a non-reentrant model


 *************** function _vfpfcnvrt *****************
 Defined at:
		line 670 in file "C:\Program Files (x86)\Microchip\xc8\v2.10\pic\sources\c99\common\doprnt.c"
 Parameters:    Size  Location     Type
  fp              1    wreg     PTR struct _IO_FILE
		 -> sprintf@f(6), 
  fmt             1   56[BANK0 ] PTR PTR unsigned char 
		 -> vfprintf@cfmt(2), 
  ap              1   57[BANK0 ] PTR PTR void 
		 -> sprintf@ap(1), 
 Auto vars:     Size  Location     Type
  fp              1   71[BANK0 ] PTR struct _IO_FILE
		 -> sprintf@f(6), 
  ll              8   63[BANK0 ] long long 
  llu             8    0        unsigned long long 
  f               4    0        unsigned long long 
  ct              3    0        unsigned char [3]
  vp              2    0        PTR void 
  i               2    0        int 
  done            2    0        int 
  cp              2    0        PTR unsigned char 
  c               1    0        unsigned char 
 Return value:  Size  Location     Type
                  2   56[BANK0 ] int 
 Registers used:
		wreg, fsr0l, fsr0h, fsr1l, fsr1h, status,2, status,0, pclath, cstack
 Tracked objects:
		On entry : 
		On exit  : 
		Unchanged: 
 Data sizes:     COMMON   BANK0   BANK1   BANK2   BANK3   BANK4   BANK5   BANK6   BANK7   BANK8   BANK9  BANK10  BANK11  BANK12
      Params:         0       2       0       0       0       0       0       0       0       0       0       0       0       0
      Locals:         0       9       0       0       0       0       0       0       0       0       0       0       0       0
      Temps:          0       5       0       0       0       0       0       0       0       0       0       0       0       0
      Totals:         0      16       0       0       0       0       0       0       0       0       0       0       0       0
Total ram usage:       16 bytes
 Hardware stack levels used:    1
 Hardware stack levels required when called:    9
 This function calls:
		_dtoa
		_fputc
 This function is called by:
		_vfprintf
 This function uses a non-reentrant model


 *************** function _dtoa *****************
 Defined at:
		line 274 in file "C:\Program Files (x86)\Microchip\xc8\v2.10\pic\sources\c99\common\doprnt.c"
 Parameters:    Size  Location     Type
  fp              1    wreg     PTR struct _IO_FILE
		 -> sprintf@f(6), 
  d               8   26[BANK0 ] long long 
 Auto vars:     Size  Location     Type
  fp              1   37[BANK0 ] PTR struct _IO_FILE
		 -> sprintf@f(6), 
  n               8   46[BANK0 ] long long 
  i               2   54[BANK0 ] int 
  s               2   44[BANK0 ] int 
  w               2   42[BANK0 ] int 
  p               2   40[BANK0 ] int 
 Return value:  Size  Location     Type
                  2   26[BANK0 ] int 
 Registers used:
		wreg, fsr0l, fsr0h, fsr1l, fsr1h, status,2, status,0, pclath, cstack
 Tracked objects:
		On entry : 
		On exit  : 
		Unchanged: 
 Data sizes:     COMMON   BANK0   BANK1   BANK2   BANK3   BANK4   BANK5   BANK6   BANK7   BANK8   BANK9  BANK10  BANK11  BANK12
      Params:         0       8       0       0       0       0       0       0       0       0       0       0       0       0
      Locals:         0      19       0       0       0       0       0       0       0       0       0       0       0       0
      Temps:          0       3       0       0       0       0       0       0       0       0       0       0       0       0
      Totals:         0      30       0       0       0       0       0       0       0       0       0       0       0       0
Total ram usage:       30 bytes
 Hardware stack levels used:    1
 Hardware stack levels required when called:    8
 This function calls:
		___aodiv
		___aomod
		_abs
		_pad
 This function is called by:
		_vfpfcnvrt
 This function uses a non-reentrant model


 *************** function _pad *****************
 Defined at:
		line 72 in file "C:\Program Files (x86)\Microchip\xc8\v2.10\pic\sources\c99\common\doprnt.c"
 Parameters:    Size  Location     Type
  fp              1    wreg     PTR struct _IO_FILE
		 -> sprintf@f(6), 
  buf             1   15[BANK0 ] PTR unsigned char 
		 -> dbuf(32), 
  p               2   16[BANK0 ] int 
 Auto vars:     Size  Location     Type
  fp              1   23[BANK0 ] PTR struct _IO_FILE
		 -> sprintf@f(6), 
  w               2   21[BANK0 ] int 
  i               2   19[BANK0 ] int 
 Return value:  Size  Location     Type
                  2   15[BANK0 ] int 
 Registers used:
		wreg, fsr0l, fsr0h, fsr1l, fsr1h, status,2, status,0, pclath, cstack
 Tracked objects:
		On entry : 
		On exit  : 
		Unchanged: 
 Data sizes:     COMMON   BANK0   BANK1   BANK2   BANK3   BANK4   BANK5   BANK6   BANK7   BANK8   BANK9  BANK10  BANK11  BANK12
      Params:         0       3       0       0       0       0       0       0       0       0       0       0       0       0
      Locals:         0       5       0       0       0       0       0       0       0       0       0       0       0       0
      Temps:          0       1       0       0       0       0       0       0       0       0       0       0       0       0
      Totals:         0       9       0       0       0       0       0       0       0       0       0       0       0       0
Total ram usage:        9 bytes
 Hardware stack levels used:    1
 Hardware stack levels required when called:    7
 This function calls:
		_fputc
		_fputs
		_strlen
 This function is called by:
		_dtoa
 This function uses a non-reentrant model


 *************** function _strlen *****************
 Defined at:
		line 5 in file "C:\Program Files (x86)\Microchip\xc8\v2.10\pic\sources\c99\common\strlen.c"
 Parameters:    Size  Location     Type
  s               2    4[COMMON] PTR const unsigned char 
		 -> dbuf(32), main@readbuffer_784(20), main@readbuffer_781(20), main@readbuffer_778(20), 
		 -> main@readbuffer_773(20), main@readbuffer_769(20), main@readbuffer_766(22), main@readbuffer_758(20), 
		 -> main@readbuffer(20), 
 Auto vars:     Size  Location     Type
  a               2    0[BANK0 ] PTR const unsigned char 
		 -> dbuf(32), main@readbuffer_784(20), main@readbuffer_781(20), main@readbuffer_778(20), 
		 -> main@readbuffer_773(20), main@readbuffer_769(20), main@readbuffer_766(22), main@readbuffer_758(20), 
		 -> main@readbuffer(20), 
 Return value:  Size  Location     Type
                  2    4[COMMON] unsigned int 
 Registers used:
		wreg, fsr1l, fsr1h, status,2, status,0
 Tracked objects:
		On entry : 
		On exit  : 
		Unchanged: 
 Data sizes:     COMMON   BANK0   BANK1   BANK2   BANK3   BANK4   BANK5   BANK6   BANK7   BANK8   BANK9  BANK10  BANK11  BANK12
      Params:         2       0       0       0       0       0       0       0       0       0       0       0       0       0
      Locals:         0       2       0       0       0       0       0       0       0       0       0       0       0       0
      Temps:          0       0       0       0       0       0       0       0       0       0       0       0       0       0
      Totals:         2       2       0       0       0       0       0       0       0       0       0       0       0       0
Total ram usage:        4 bytes
 Hardware stack levels used:    1
 Hardware stack levels required when called:    4
 This function calls:
		Nothing
 This function is called by:
		_main
		_pad
 This function uses a non-reentrant model


 *************** function _fputs *****************
 Defined at:
		line 8 in file "C:\Program Files (x86)\Microchip\xc8\v2.10\pic\sources\c99\common\nf_fputs.c"
 Parameters:    Size  Location     Type
  s               1    wreg     PTR const unsigned char 
		 -> dbuf(32), 
  fp              1    4[COMMON] PTR struct _IO_FILE
		 -> sprintf@f(6), 
 Auto vars:     Size  Location     Type
  s               1   14[BANK0 ] PTR const unsigned char 
		 -> dbuf(32), 
  i               2   12[BANK0 ] int 
  c               1   11[BANK0 ] unsigned char 
 Return value:  Size  Location     Type
                  2    4[COMMON] int 
 Registers used:
		wreg, fsr0l, fsr0h, fsr1l, fsr1h, status,2, status,0, pclath, cstack
 Tracked objects:
		On entry : 
		On exit  : 
		Unchanged: 
 Data sizes:     COMMON   BANK0   BANK1   BANK2   BANK3   BANK4   BANK5   BANK6   BANK7   BANK8   BANK9  BANK10  BANK11  BANK12
      Params:         1       0       0       0       0       0       0       0       0       0       0       0       0       0
      Locals:         0       4       0       0       0       0       0       0       0       0       0       0       0       0
      Temps:          0       3       0       0       0       0       0       0       0       0       0       0       0       0
      Totals:         1       7       0       0       0       0       0       0       0       0       0       0       0       0
Total ram usage:        8 bytes
 Hardware stack levels used:    1
 Hardware stack levels required when called:    6
 This function calls:
		_fputc
 This function is called by:
		_pad
 This function uses a non-reentrant model


 *************** function _fputc *****************
 Defined at:
		line 8 in file "C:\Program Files (x86)\Microchip\xc8\v2.10\pic\sources\c99\common\nf_fputc.c"
 Parameters:    Size  Location     Type
  c               2    0[BANK0 ] int 
  fp              1    2[BANK0 ] PTR struct _IO_FILE
		 -> sprintf@f(6), 
 Auto vars:     Size  Location     Type
		None
 Return value:  Size  Location     Type
                  2    0[BANK0 ] int 
 Registers used:
		wreg, fsr0l, fsr0h, fsr1l, fsr1h, status,2, status,0, pclath, cstack
 Tracked objects:
		On entry : 
		On exit  : 
		Unchanged: 
 Data sizes:     COMMON   BANK0   BANK1   BANK2   BANK3   BANK4   BANK5   BANK6   BANK7   BANK8   BANK9  BANK10  BANK11  BANK12
      Params:         0       3       0       0       0       0       0       0       0       0       0       0       0       0
      Locals:         0       0       0       0       0       0       0       0       0       0       0       0       0       0
      Temps:          0       5       0       0       0       0       0       0       0       0       0       0       0       0
      Totals:         0       8       0       0       0       0       0       0       0       0       0       0       0       0
Total ram usage:        8 bytes
 Hardware stack levels used:    1
 Hardware stack levels required when called:    5
 This function calls:
		_putch
 This function is called by:
		_pad
		_vfpfcnvrt
		_fputs
 This function uses a non-reentrant model


 *************** function _putch *****************
 Defined at:
		line 7 in file "C:\Program Files (x86)\Microchip\xc8\v2.10\pic\sources\c99\common\putch.c"
 Parameters:    Size  Location     Type
  c               1    wreg     unsigned char 
 Auto vars:     Size  Location     Type
  c               1    0[COMMON] unsigned char 
 Return value:  Size  Location     Type
                  1    wreg      void 
 Registers used:
		wreg
 Tracked objects:
		On entry : 
		On exit  : 
		Unchanged: 
 Data sizes:     COMMON   BANK0   BANK1   BANK2   BANK3   BANK4   BANK5   BANK6   BANK7   BANK8   BANK9  BANK10  BANK11  BANK12
      Params:         0       0       0       0       0       0       0       0       0       0       0       0       0       0
      Locals:         0       0       0       0       0       0       0       0       0       0       0       0       0       0
      Temps:          0       0       0       0       0       0       0       0       0       0       0       0       0       0
      Totals:         0       0       0       0       0       0       0       0       0       0       0       0       0       0
Total ram usage:        0 bytes
 Hardware stack levels used:    1
 Hardware stack levels required when called:    4
 This function calls:
		Nothing
 This function is called by:
		_fputc
 This function uses a non-reentrant model


 *************** function _abs *****************
 Defined at:
		line 1 in file "C:\Program Files (x86)\Microchip\xc8\v2.10\pic\sources\c99\common\abs.c"
 Parameters:    Size  Location     Type
  a               2   18[BANK0 ] int 
 Auto vars:     Size  Location     Type
		None
 Return value:  Size  Location     Type
                  2   18[BANK0 ] int 
 Registers used:
		wreg, status,2, status,0
 Tracked objects:
		On entry : 
		On exit  : 
		Unchanged: 
 Data sizes:     COMMON   BANK0   BANK1   BANK2   BANK3   BANK4   BANK5   BANK6   BANK7   BANK8   BANK9  BANK10  BANK11  BANK12
      Params:         0       2       0       0       0       0       0       0       0       0       0       0       0       0
      Locals:         0       0       0       0       0       0       0       0       0       0       0       0       0       0
      Temps:          0       2       0       0       0       0       0       0       0       0       0       0       0       0
      Totals:         0       4       0       0       0       0       0       0       0       0       0       0       0       0
Total ram usage:        4 bytes
 Hardware stack levels used:    1
 Hardware stack levels required when called:    4
 This function calls:
		Nothing
 This function is called by:
		_dtoa
 This function uses a non-reentrant model


 *************** function ___aomod *****************
 Defined at:
		line 7 in file "C:\Program Files (x86)\Microchip\xc8\v2.10\pic\sources\c99\common\aomod.c"
 Parameters:    Size  Location     Type
  divisor         8    0[BANK0 ] long long 
  dividend        8    8[BANK0 ] long long 
 Auto vars:     Size  Location     Type
  sign            1   17[BANK0 ] unsigned char 
  counter         1   16[BANK0 ] unsigned char 
 Return value:  Size  Location     Type
                  8    0[BANK0 ] long long 
 Registers used:
		wreg, fsr1l, fsr1h, status,2, status,0
 Tracked objects:
		On entry : 
		On exit  : 
		Unchanged: 
 Data sizes:     COMMON   BANK0   BANK1   BANK2   BANK3   BANK4   BANK5   BANK6   BANK7   BANK8   BANK9  BANK10  BANK11  BANK12
      Params:         0      16       0       0       0       0       0       0       0       0       0       0       0       0
      Locals:         0       2       0       0       0       0       0       0       0       0       0       0       0       0
      Temps:          1       0       0       0       0       0       0       0       0       0       0       0       0       0
      Totals:         1      18       0       0       0       0       0       0       0       0       0       0       0       0
Total ram usage:       19 bytes
 Hardware stack levels used:    1
 Hardware stack levels required when called:    4
 This function calls:
		Nothing
 This function is called by:
		_dtoa
 This function uses a non-reentrant model


 *************** function ___aodiv *****************
 Defined at:
		line 7 in file "C:\Program Files (x86)\Microchip\xc8\v2.10\pic\sources\c99\common\aodiv.c"
 Parameters:    Size  Location     Type
  divisor         8    0[BANK0 ] long long 
  dividend        8    8[BANK0 ] long long 
 Auto vars:     Size  Location     Type
  quotient        8   18[BANK0 ] long long 
  sign            1   17[BANK0 ] unsigned char 
  counter         1   16[BANK0 ] unsigned char 
 Return value:  Size  Location     Type
                  8    0[BANK0 ] long long 
 Registers used:
		wreg, fsr1l, fsr1h, status,2, status,0
 Tracked objects:
		On entry : 
		On exit  : 
		Unchanged: 
 Data sizes:     COMMON   BANK0   BANK1   BANK2   BANK3   BANK4   BANK5   BANK6   BANK7   BANK8   BANK9  BANK10  BANK11  BANK12
[...]
 Return value:  Size  Location     Type
                  2   34[BANK0 ] int 
 Registers used:
		wreg, status,2, status,0
 Tracked objects:
		On entry : 
		On exit  : 
		Unchanged: 
 Data sizes:     COMMON   BANK0   BANK1   BANK2   BANK3   BANK4   BANK5   BANK6   BANK7   BANK8   BANK9  BANK10  BANK11  BANK12
      Params:         0       4       0       0       0       0       0       0       0       0       0       0       0       0
      Locals:         0       2       0       0       0       0       0       0       0       0       0       0       0       0
      Temps:          1       0       0       0       0       0       0       0       0       0       0       0       0       0
      Totals:         1       6       0       0       0       0       0       0       0       0       0       0       0       0
Total ram usage:        7 bytes
 Hardware stack levels used:    1
 Hardware stack levels required when called:    4
 This function calls:
		Nothing
 This function is called by:
		_main
 This function uses a non-reentrant model


 *************** function ___awdiv *****************
 Defined at:
		line 5 in file "C:\Program Files (x86)\Microchip\xc8\v2.10\pic\sources\c99\common\awdiv.c"
 Parameters:    Size  Location     Type
  divisor         2    0[BANK0 ] int 
  dividend        2    2[BANK0 ] int 
 Auto vars:     Size  Location     Type
  quotient        2    6[BANK0 ] int 
  sign            1    5[BANK0 ] unsigned char 
  counter         1    4[BANK0 ] unsigned char 
 Return value:  Size  Location     Type
                  2    0[BANK0 ] int 
 Registers used:
		wreg, status,2, status,0
 Tracked objects:
		On entry : 
		On exit  : 
		Unchanged: 
 Data sizes:     COMMON   BANK0   BANK1   BANK2   BANK3   BANK4   BANK5   BANK6   BANK7   BANK8   BANK9  BANK10  BANK11  BANK12
      Params:         0       4       0       0       0       0       0       0       0       0       0       0       0       0
      Locals:         0       4       0       0       0       0       0       0       0       0       0       0       0       0
      Temps:          1       0       0       0       0       0       0       0       0       0       0       0       0       0
      Totals:         1       8       0       0       0       0       0       0       0       0       0       0       0       0
Total ram usage:        9 bytes
 Hardware stack levels used:    1
 Hardware stack levels required when called:    4
 This function calls:
		Nothing
 This function is called by:
		_main
 This function uses a non-reentrant model


 *************** function _TMR1_StopTimer *****************
 Defined at:
		line 302 in file "newmain.c"
 Parameters:    Size  Location     Type
		None
 Auto vars:     Size  Location     Type
		None
 Return value:  Size  Location     Type
                  1    wreg      void 
 Registers used:
		None
 Tracked objects:
		On entry : 
		On exit  : 
		Unchanged: 
 Data sizes:     COMMON   BANK0   BANK1   BANK2   BANK3   BANK4   BANK5   BANK6   BANK7   BANK8   BANK9  BANK10  BANK11  BANK12
      Params:         0       0       0       0       0       0       0       0       0       0       0       0       0       0
      Locals:         0       0       0       0       0       0       0       0       0       0       0       0       0       0
      Temps:          0       0       0       0       0       0       0       0       0       0       0       0       0       0
      Totals:         0       0       0       0       0       0       0       0       0       0       0       0       0       0
Total ram usage:        0 bytes
 Hardware stack levels used:    1
 Hardware stack levels required when called:    4
 This function calls:
		Nothing
 This function is called by:
		_main
 This function uses a non-reentrant model


 *************** function _TMR1_Reload *****************
 Defined at:
		line 307 in file "newmain.c"
 Parameters:    Size  Location     Type
		None
 Auto vars:     Size  Location     Type
		None
 Return value:  Size  Location     Type
                  1    wreg      void 
 Registers used:
		wreg, status,2, status,0, pclath, cstack
 Tracked objects:
		On entry : 
		On exit  : 
		Unchanged: 
 Data sizes:     COMMON   BANK0   BANK1   BANK2   BANK3   BANK4   BANK5   BANK6   BANK7   BANK8   BANK9  BANK10  BANK11  BANK12
      Params:         0       0       0       0       0       0       0       0       0       0       0       0       0       0
      Locals:         0       0       0       0       0       0       0       0       0       0       0       0       0       0
      Temps:          0       0       0       0       0       0       0       0       0       0       0       0       0       0
      Totals:         0       0       0       0       0       0       0       0       0       0       0       0       0       0
Total ram usage:        0 bytes
 Hardware stack levels used:    1
 Hardware stack levels required when called:    5
 This function calls:
		_TMR1_WriteTimer
 This function is called by:
		_main
 This function uses a non-reentrant model


 *************** function _TMR1_WriteTimer *****************
 Defined at:
		line 278 in file "newmain.c"
 Parameters:    Size  Location     Type
  timerVal        2    4[COMMON] unsigned short 
 Auto vars:     Size  Location     Type
		None
 Return value:  Size  Location     Type
                  1    wreg      void 
 Registers used:
		wreg, status,2
 Tracked objects:
		On entry : 
		On exit  : 
		Unchanged: 
 Data sizes:     COMMON   BANK0   BANK1   BANK2   BANK3   BANK4   BANK5   BANK6   BANK7   BANK8   BANK9  BANK10  BANK11  BANK12
      Params:         2       0       0       0       0       0       0       0       0       0       0       0       0       0
      Locals:         0       0       0       0       0       0       0       0       0       0       0       0       0       0
      Temps:          0       0       0       0       0       0       0       0       0       0       0       0       0       0
      Totals:         2       0       0       0       0       0       0       0       0       0       0       0       0       0
Total ram usage:        2 bytes
 Hardware stack levels used:    1
 Hardware stack levels required when called:    4
 This function calls:
		Nothing
 This function is called by:
		_TMR1_Reload
 This function uses a non-reentrant model


 *************** function _TMR1_Initialize *****************
 Defined at:
		line 220 in file "newmain.c"
 Parameters:    Size  Location     Type
		None
 Auto vars:     Size  Location     Type
		None
 Return value:  Size  Location     Type
                  1    wreg      void 
 Registers used:
		wreg, status,2, status,0, pclath, cstack
 Tracked objects:
		On entry : 
		On exit  : 
		Unchanged: 
 Data sizes:     COMMON   BANK0   BANK1   BANK2   BANK3   BANK4   BANK5   BANK6   BANK7   BANK8   BANK9  BANK10  BANK11  BANK12
      Params:         0       0       0       0       0       0       0       0       0       0       0       0       0       0
      Locals:         0       0       0       0       0       0       0       0       0       0       0       0       0       0
      Temps:          0       0       0       0       0       0       0       0       0       0       0       0       0       0
      Totals:         0       0       0       0       0       0       0       0       0       0       0       0       0       0
Total ram usage:        0 bytes
 Hardware stack levels used:    1
 Hardware stack levels required when called:    5
 This function calls:
		_TMR1_SetInterruptHandler
 This function is called by:
		_main
 This function uses a non-reentrant model


 *************** function _TMR1_SetInterruptHandler *****************
 Defined at:
		line 250 in file "newmain.c"
 Parameters:    Size  Location     Type
  InterruptHan    2    4[COMMON] PTR FTN()void 
		 -> TMR1_DefaultInterruptHandler(1), 
 Auto vars:     Size  Location     Type
		None
 Return value:  Size  Location     Type
                  1    wreg      void 
 Registers used:
		wreg
 Tracked objects:
		On entry : 
		On exit  : 
		Unchanged: 
 Data sizes:     COMMON   BANK0   BANK1   BANK2   BANK3   BANK4   BANK5   BANK6   BANK7   BANK8   BANK9  BANK10  BANK11  BANK12
      Params:         2       0       0       0       0       0       0       0       0       0       0       0       0       0
      Locals:         0       0       0       0       0       0       0       0       0       0       0       0       0       0
      Temps:          0       0       0       0       0       0       0       0       0       0       0       0       0       0
      Totals:         2       0       0       0       0       0       0       0       0       0       0       0       0       0
Total ram usage:        2 bytes
 Hardware stack levels used:    1
 Hardware stack levels required when called:    4
 This function calls:
		Nothing
 This function is called by:
		_TMR1_Initialize
 This function uses a non-reentrant model


 *************** function _general_int *****************
 Defined at:
		line 123 in file "newmain.c"
 Parameters:    Size  Location     Type
		None
 Auto vars:     Size  Location     Type
		None
 Return value:  Size  Location     Type
                  1    wreg      void 
 Registers used:
		wreg, status,2, status,0, pclath, cstack
 Tracked objects:
		On entry : 
		On exit  : 
		Unchanged: 
 Data sizes:     COMMON   BANK0   BANK1   BANK2   BANK3   BANK4   BANK5   BANK6   BANK7   BANK8   BANK9  BANK10  BANK11  BANK12
      Params:         0       0       0       0       0       0       0       0       0       0       0       0       0       0
      Locals:         0       0       0       0       0       0       0       0       0       0       0       0       0       0
      Temps:          2       0       0       0       0       0       0       0       0       0       0       0       0       0
      Totals:         2       0       0       0       0       0       0       0       0       0       0       0       0       0
Total ram usage:        2 bytes
 Hardware stack levels used:    1
 Hardware stack levels required when called:    3
 This function calls:
		_TMR1_ISR
 This function is called by:
		Interrupt level 1
 This function uses a non-reentrant model


 *************** function _TMR1_ISR *****************
 Defined at:
		line 262 in file "newmain.c"
 Parameters:    Size  Location     Type
		None
 Auto vars:     Size  Location     Type
		None
 Return value:  Size  Location     Type
                  1    wreg      void 
 Registers used:
		wreg, status,2, status,0, pclath, cstack
 Tracked objects:
		On entry : 
		On exit  : 
		Unchanged: 
 Data sizes:     COMMON   BANK0   BANK1   BANK2   BANK3   BANK4   BANK5   BANK6   BANK7   BANK8   BANK9  BANK10  BANK11  BANK12
      Params:         0       0       0       0       0       0       0       0       0       0       0       0       0       0
      Locals:         0       0       0       0       0       0       0       0       0       0       0       0       0       0
      Temps:          0       0       0       0       0       0       0       0       0       0       0       0       0       0
      Totals:         0       0       0       0       0       0       0       0       0       0       0       0       0       0
Total ram usage:        0 bytes
 Hardware stack levels used:    1
 Hardware stack levels required when called:    2
 This function calls:
		_TMR1_CallBack
		i1_TMR1_WriteTimer
 This function is called by:
		_general_int
 This function uses a non-reentrant model


 *************** function i1_TMR1_WriteTimer *****************
 Defined at:
		line 278 in file "newmain.c"
 Parameters:    Size  Location     Type
  timerVal        2    0[COMMON] unsigned short 
 Auto vars:     Size  Location     Type
		None
 Return value:  Size  Location     Type
                  1    wreg      void 
 Registers used:
		wreg, status,2
 Tracked objects:
		On entry : 
		On exit  : 
		Unchanged: 
 Data sizes:     COMMON   BANK0   BANK1   BANK2   BANK3   BANK4   BANK5   BANK6   BANK7   BANK8   BANK9  BANK10  BANK11  BANK12
      Params:         2       0       0       0       0       0       0       0       0       0       0       0       0       0
      Locals:         0       0       0       0       0       0       0       0       0       0       0       0       0       0
      Temps:          0       0       0       0       0       0       0       0       0       0       0       0       0       0
      Totals:         2       0       0       0       0       0       0       0       0       0       0       0       0       0
Total ram usage:        2 bytes
 Hardware stack levels used:    1
 This function calls:
		Nothing
 This function is called by:
		_TMR1_ISR
 This function uses a non-reentrant model


 *************** function _TMR1_CallBack *****************
 Defined at:
		line 289 in file "newmain.c"
 Parameters:    Size  Location     Type
		None
 Auto vars:     Size  Location     Type
		None
 Return value:  Size  Location     Type
                  1    wreg      void 
 Registers used:
		wreg, status,2, status,0, pclath, cstack
 Tracked objects:
		On entry : 
		On exit  : 
		Unchanged: 
 Data sizes:     COMMON   BANK0   BANK1   BANK2   BANK3   BANK4   BANK5   BANK6   BANK7   BANK8   BANK9  BANK10  BANK11  BANK12
      Params:         0       0       0       0       0       0       0       0       0       0       0       0       0       0
      Locals:         0       0       0       0       0       0       0       0       0       0       0       0       0       0
      Temps:          0       0       0       0       0       0       0       0       0       0       0       0       0       0
      Totals:         0       0       0       0       0       0       0       0       0       0       0       0       0       0
Total ram usage:        0 bytes
 Hardware stack levels used:    1
 Hardware stack levels required when called:    1
 This function calls:
		Absolute function
		_TMR1_DefaultInterruptHandler
 This function is called by:
		_TMR1_ISR
 This function uses a non-reentrant model


 *************** function _TMR1_DefaultInterruptHandler *****************
 Defined at:
		line 254 in file "newmain.c"
 Parameters:    Size  Location     Type
		None
 Auto vars:     Size  Location     Type
		None
 Return value:  Size  Location     Type
                  1    wreg      void 
 Registers used:
		wreg
 Tracked objects:
		On entry : 
		On exit  : 
		Unchanged: 
 Data sizes:     COMMON   BANK0   BANK1   BANK2   BANK3   BANK4   BANK5   BANK6   BANK7   BANK8   BANK9  BANK10  BANK11  BANK12
      Params:         0       0       0       0       0       0       0       0       0       0       0       0       0       0
      Locals:         0       0       0       0       0       0       0       0       0       0       0       0       0       0
      Temps:          0       0       0       0       0       0       0       0       0       0       0       0       0       0
      Totals:         0       0       0       0       0       0       0       0       0       0       0       0       0       0
Total ram usage:        0 bytes
 Hardware stack levels used:    1
 This function calls:
		Nothing
 This function is called by:
		_TMR1_Initialize
		_TMR1_CallBack
 This function uses a non-reentrant model



MODULE INFORMATION

Module		Function		Class		Link	Load	Size
C:\Program Files (x86)\Microchip\xc8\v2.10\pic\sources\c99\common\rand.c
		_srand         		CODE           	0C6C	0000	22
		_rand          		CODE           	0F61	0000	160

C:\Program Files (x86)\Microchip\xc8\v2.10\pic\sources\c99\common\rand.c estimated size: 182

C:\Program Files (x86)\Microchip\xc8\v2.10\pic\sources\c99\common\aodiv.c
		___aodiv       		CODE           	04F4	0000	261

C:\Program Files (x86)\Microchip\xc8\v2.10\pic\sources\c99\common\aodiv.c estimated size: 261

C:\Program Files (x86)\Microchip\xc8\v2.10\pic\sources\c99\common\awdiv.c
		___awdiv       		CODE           	0F01	0000	97

C:\Program Files (x86)\Microchip\xc8\v2.10\pic\sources\c99\common\awdiv.c estimated size: 97

C:\Program Files (x86)\Microchip\xc8\v2.10\pic\sources\c99\common\strlen.c
		_strlen        		CODE           	0CB1	0000	28

C:\Program Files (x86)\Microchip\xc8\v2.10\pic\sources\c99\common\strlen.c estimated size: 28

newmain.c
		_delay100ms    		CODE           	0D07	0000	38
		_TMR1_Initialize		CODE           	0C81	0000	23
		_general_int   		CODE           	0004	0000	47
		_TMR1_SetInterruptHandler		CODE           	0C38	0000	7
		_main          		CODE           	0064	0000	808
		_TMR1_StopTimer		CODE           	0C2F	0000	4
		_TMR1_Reload   		CODE           	0C54	0000	12
		_sendOnly      		CODE           	0002	0000	2
		_seedRand      		CODE           	07F3	0000	14
		_TMR1_DefaultInterruptHandler		CODE           	0C32	0000	7
		_TMR1_CallBack 		CODE           	0C5F	0000	14
		_TMR1_WriteTimer		CODE           	0C4C	0000	9
		_initialize    		CODE           	07BF	0000	53
		_TMR1_ISR      		CODE           	0CE8	0000	32

newmain.c estimated size: 1070

C:\Program Files (x86)\Microchip\xc8\v2.10\pic\sources\c99\common\doprnt.c
		_vfpfcnvrt     		CODE           	06E4	0000	220
		_pad           		CODE           	0EA8	0000	90
		_dtoa          		CODE           	038B	0000	362
		_vfprintf      		CODE           	0D80	0000	50

C:\Program Files (x86)\Microchip\xc8\v2.10\pic\sources\c99\common\doprnt.c estimated size: 722

C:\Program Files (x86)\Microchip\xc8\v2.10\pic\sources\c99\common\nf_fputs.c
		_fputs         		CODE           	0D2C	0000	42

C:\Program Files (x86)\Microchip\xc8\v2.10\pic\sources\c99\common\nf_fputs.c estimated size: 42

C:\Program Files (x86)\Microchip\xc8\v2.10\pic\sources\c99\common\time.c
		_time          		CODE           	0C97	0000	27

C:\Program Files (x86)\Microchip\xc8\v2.10\pic\sources\c99\common\time.c estimated size: 27

shared
		__initialization		CODE           	0034	0000	45
		i1_TMR1_WriteTimer		CODE           	0C44	0000	9

shared estimated size: 54

C:\Program Files (x86)\Microchip\xc8\v2.10\pic\sources\c99\common\putch.c
		_putch         		CODE           	0003	0000	2

C:\Program Files (x86)\Microchip\xc8\v2.10\pic\sources\c99\common\putch.c estimated size: 2

C:\Program Files (x86)\Microchip\xc8\v2.10\pic\sources\c99\common\aomod.c
		___aomod       		CODE           	05F8	0000	237

C:\Program Files (x86)\Microchip\xc8\v2.10\pic\sources\c99\common\aomod.c estimated size: 237

C:\Program Files (x86)\Microchip\xc8\v2.10\pic\sources\c99\common\abs.c
		_abs           		CODE           	0CCC	0000	29

C:\Program Files (x86)\Microchip\xc8\v2.10\pic\sources\c99\common\abs.c estimated size: 29

C:\Program Files (x86)\Microchip\xc8\v2.10\pic\sources\c99\common\nf_sprintf.c
		_sprintf       		CODE           	0D55	0000	44

C:\Program Files (x86)\Microchip\xc8\v2.10\pic\sources\c99\common\nf_sprintf.c estimated size: 44

C:\Program Files (x86)\Microchip\xc8\v2.10\pic\sources\c99\common\Umul64.c
		___omul        		CODE           	0DB1	0000	77

C:\Program Files (x86)\Microchip\xc8\v2.10\pic\sources\c99\common\Umul64.c estimated size: 77

C:\Program Files (x86)\Microchip\xc8\v2.10\pic\sources\c99\common\awmod.c
		___awmod       		CODE           	0DFD	0000	85

C:\Program Files (x86)\Microchip\xc8\v2.10\pic\sources\c99\common\awmod.c estimated size: 85

C:\Program Files (x86)\Microchip\xc8\v2.10\pic\sources\c99\common\nf_fputc.c
		_fputc         		CODE           	0E51	0000	88

C:\Program Files (x86)\Microchip\xc8\v2.10\pic\sources\c99\common\nf_fputc.c estimated size: 88

